#
# There is insufficient memory for the Java Runtime Environment to continue.
# Native memory allocation (mmap) failed to map 65536 bytes. Error detail: Failed to commit metaspace.
# Possible reasons:
#   The system is out of physical RAM or swap space
#   This process is running with CompressedOops enabled, and the Java Heap may be blocking the growth of the native heap
# Possible solutions:
#   Reduce memory load on the system
#   Increase physical memory or swap space
#   Check if swap backing store is full
#   Decrease Java heap size (-Xmx/-Xms)
#   Decrease number of Java threads
#   Decrease Java thread stack sizes (-Xss)
#   Set larger code cache with -XX:ReservedCodeCacheSize=
#   JVM is running with Zero Based Compressed Oops mode in which the Java heap is
#     placed in the first 32GB address space. The Java Heap base address is the
#     maximum limit for the native heap growth. Please use -XX:HeapBaseMinAddress
#     to set the Java Heap base and to place the Java Heap above 32GB virtual address.
# This output file may be truncated or incomplete.
#
#  Out of Memory Error (virtualSpaceNode.cpp:113), pid=14620, tid=10968
#
# JRE version: OpenJDK Runtime Environment Microsoft-13106404 (21.0.10+7) (build 21.0.10+7-LTS)
# Java VM: OpenJDK 64-Bit Server VM Microsoft-13106404 (21.0.10+7-LTS, mixed mode, emulated-client, sharing, tiered, compressed oops, compressed class ptrs, g1 gc, windows-amd64)
# No core dump will be written. Minidumps are not enabled by default on client versions of Windows
#

---------------  S U M M A R Y ------------

Command Line: -XX:TieredStopAtLevel=1 -Dspring.output.ansi.enabled=always -Dcom.sun.management.jmxremote -Dspring.jmx.enabled=true -Dspring.liveBeansView.mbeanDomain -Dspring.application.admin.enabled=true -Dmanagement.endpoints.jmx.exposure.include=* -javaagent:C:\Program Files\JetBrains\IntelliJ IDEA 2024.2.4\lib\idea_rt.jar=58412 -Dfile.encoding=UTF-8 -Dsun.stdout.encoding=UTF-8 -Dsun.stderr.encoding=UTF-8 payment.PaymentApplication

Host: 12th Gen Intel(R) Core(TM) i5-12400F, 12 cores, 15G,  Windows 11 , 64 bit Build 22000 (10.0.22000.2538)
Time: Wed Mar  4 18:23:59 2026 elapsed time: 0.601629 seconds (0d 0h 0m 0s)

---------------  T H R E A D  ---------------

Current thread (0x000001ee59e01210):  JavaThread "main"             [_thread_in_vm, id=10968, stack(0x000000bd57900000,0x000000bd57a00000) (1024K)]

Stack: [0x000000bd57900000,0x000000bd57a00000]
Native frames: (J=compiled Java code, j=interpreted, Vv=VM code, C=native code)
V  [jvm.dll+0x6dfe69]  (no source info available)
V  [jvm.dll+0x8bfe4b]  (no source info available)
V  [jvm.dll+0x8c23da]  (no source info available)
V  [jvm.dll+0x8c2ab3]  (no source info available)
V  [jvm.dll+0x28a9e6]  (no source info available)
V  [jvm.dll+0x8bbbb8]  (no source info available)
V  [jvm.dll+0x684424]  (no source info available)
V  [jvm.dll+0x1eeaf7]  (no source info available)
V  [jvm.dll+0x1ee8be]  (no source info available)
V  [jvm.dll+0x686d2f]  (no source info available)
V  [jvm.dll+0x686b62]  (no source info available)
V  [jvm.dll+0x684dfe]  (no source info available)
V  [jvm.dll+0x6c25e4]  (no source info available)
V  [jvm.dll+0x3d0cb7]  (no source info available)
V  [jvm.dll+0x3d0bdb]  (no source info available)
V  [jvm.dll+0x3e6f17]  (no source info available)
C  0x000001ee6254879c  (no source info available)

The last pc belongs to anewarray (printed below).
Java frames: (J=compiled Java code, j=interpreted, Vv=VM code)
j  ch.qos.logback.core.subst.Token$Type.$values()[Lch/qos/logback/core/subst/Token$Type;+1
j  ch.qos.logback.core.subst.Token$Type.<clinit>()V+65
v  ~StubRoutines::call_stub 0x000001ee6253100d
j  ch.qos.logback.core.subst.Token.<clinit>()V+4
v  ~StubRoutines::call_stub 0x000001ee6253100d
j  ch.qos.logback.core.subst.Tokenizer.handleStartState(CLjava/util/List;Ljava/lang/StringBuilder;)V+7
j  ch.qos.logback.core.subst.Tokenizer.tokenize()Ljava/util/List;+98
j  ch.qos.logback.core.subst.NodeToStringTransformer.tokenizeAndParseString(Ljava/lang/String;)Lch/qos/logback/core/subst/Node;+10
j  ch.qos.logback.core.subst.NodeToStringTransformer.substituteVariable(Ljava/lang/String;Lch/qos/logback/core/spi/PropertyContainer;Lch/qos/logback/core/spi/PropertyContainer;)Ljava/lang/String;+1
j  ch.qos.logback.core.util.OptionHelper.substVars(Ljava/lang/String;Lch/qos/logback/core/spi/PropertyContainer;Lch/qos/logback/core/spi/PropertyContainer;)Ljava/lang/String;+3
j  ch.qos.logback.core.util.OptionHelper.substVars(Ljava/lang/String;Lch/qos/logback/core/spi/PropertyContainer;)Ljava/lang/String;+3
j  org.springframework.boot.logging.logback.DefaultLogbackConfiguration.resolve(Lorg/springframework/boot/logging/logback/LogbackConfigurator;Ljava/lang/String;)Ljava/lang/String;+5
j  org.springframework.boot.logging.logback.DefaultLogbackConfiguration.putProperty(Lorg/springframework/boot/logging/logback/LogbackConfigurator;Ljava/lang/String;Ljava/lang/String;)V+8
j  org.springframework.boot.logging.logback.DefaultLogbackConfiguration.defaults(Lorg/springframework/boot/logging/logback/LogbackConfigurator;)V+72
j  org.springframework.boot.logging.logback.DefaultLogbackConfiguration.apply(Lorg/springframework/boot/logging/logback/LogbackConfigurator;)V+9
j  org.springframework.boot.logging.logback.LogbackLoggingSystem.lambda$loadDefaults$0(Lch/qos/logback/classic/LoggerContext;Lorg/springframework/boot/logging/LoggingInitializationContext;Lorg/springframework/boot/logging/LogFile;)V+107
j  org.springframework.boot.logging.logback.LogbackLoggingSystem$$Lambda+0x000001ee011a7258.run()V+16
j  org.springframework.boot.logging.logback.LogbackLoggingSystem.withLoggingSuppressed(Ljava/lang/Runnable;)V+17
j  org.springframework.boot.logging.logback.LogbackLoggingSystem.loadDefaults(Lorg/springframework/boot/logging/LoggingInitializationContext;Lorg/springframework/boot/logging/LogFile;)V+20
j  org.springframework.boot.logging.AbstractLoggingSystem.initializeWithConventions(Lorg/springframework/boot/logging/LoggingInitializationContext;Lorg/springframework/boot/logging/LogFile;)V+43
j  org.springframework.boot.logging.AbstractLoggingSystem.initialize(Lorg/springframework/boot/logging/LoggingInitializationContext;Ljava/lang/String;Lorg/springframework/boot/logging/LogFile;)V+18
j  org.springframework.boot.logging.logback.LogbackLoggingSystem.initialize(Lorg/springframework/boot/logging/LoggingInitializationContext;Ljava/lang/String;Lorg/springframework/boot/logging/LogFile;)V+36
j  org.springframework.boot.context.logging.LoggingApplicationListener.initializeSystem(Lorg/springframework/core/env/ConfigurableEnvironment;Lorg/springframework/boot/logging/LoggingSystem;Lorg/springframework/boot/logging/LogFile;)V+50
j  org.springframework.boot.context.logging.LoggingApplicationListener.initialize(Lorg/springframework/core/env/ConfigurableEnvironment;Ljava/lang/ClassLoader;)V+76
j  org.springframework.boot.context.logging.LoggingApplicationListener.onApplicationEnvironmentPreparedEvent(Lorg/springframework/boot/context/event/ApplicationEnvironmentPreparedEvent;)V+32
j  org.springframework.boot.context.logging.LoggingApplicationListener.onApplicationEvent(Lorg/springframework/context/ApplicationEvent;)V+34
j  org.springframework.context.event.SimpleApplicationEventMulticaster.doInvokeListener(Lorg/springframework/context/ApplicationListener;Lorg/springframework/context/ApplicationEvent;)V+2
j  org.springframework.context.event.SimpleApplicationEventMulticaster.invokeListener(Lorg/springframework/context/ApplicationListener;Lorg/springframework/context/ApplicationEvent;)V+34
j  org.springframework.context.event.SimpleApplicationEventMulticaster.multicastEvent(Lorg/springframework/context/ApplicationEvent;Lorg/springframework/core/ResolvableType;)V+104
j  org.springframework.context.event.SimpleApplicationEventMulticaster.multicastEvent(Lorg/springframework/context/ApplicationEvent;)V+3
j  org.springframework.boot.context.event.EventPublishingRunListener.multicastInitialEvent(Lorg/springframework/context/ApplicationEvent;)V+9
j  org.springframework.boot.context.event.EventPublishingRunListener.environmentPrepared(Lorg/springframework/boot/bootstrap/ConfigurableBootstrapContext;Lorg/springframework/core/env/ConfigurableEnvironment;)V+18
j  org.springframework.boot.SpringApplicationRunListeners.lambda$environmentPrepared$0(Lorg/springframework/boot/bootstrap/ConfigurableBootstrapContext;Lorg/springframework/core/env/ConfigurableEnvironment;Lorg/springframework/boot/SpringApplicationRunListener;)V+3
j  org.springframework.boot.SpringApplicationRunListeners$$Lambda+0x000001ee01140f68.accept(Ljava/lang/Object;)V+12
j  java.lang.Iterable.forEach(Ljava/util/function/Consumer;)V+30 java.base@21.0.10
j  org.springframework.boot.SpringApplicationRunListeners.doWithListeners(Ljava/lang/String;Ljava/util/function/Consumer;Ljava/util/function/Consumer;)V+17
j  org.springframework.boot.SpringApplicationRunListeners.doWithListeners(Ljava/lang/String;Ljava/util/function/Consumer;)V+4
j  org.springframework.boot.SpringApplicationRunListeners.environmentPrepared(Lorg/springframework/boot/bootstrap/ConfigurableBootstrapContext;Lorg/springframework/core/env/ConfigurableEnvironment;)V+10
j  org.springframework.boot.SpringApplication.prepareEnvironment(Lorg/springframework/boot/SpringApplicationRunListeners;Lorg/springframework/boot/bootstrap/DefaultBootstrapContext;Lorg/springframework/boot/ApplicationArguments;)Lorg/springframework/core/env/ConfigurableEnvironment;+27
j  org.springframework.boot.SpringApplication.run([Ljava/lang/String;)Lorg/springframework/context/ConfigurableApplicationContext;+65
j  org.springframework.boot.SpringApplication.run([Ljava/lang/Class;[Ljava/lang/String;)Lorg/springframework/context/ConfigurableApplicationContext;+9
j  org.springframework.boot.SpringApplication.run(Ljava/lang/Class;[Ljava/lang/String;)Lorg/springframework/context/ConfigurableApplicationContext;+9
j  payment.PaymentApplication.main([Ljava/lang/String;)V+3
v  ~StubRoutines::call_stub 0x000001ee6253100d
anewarray  189 anewarray  [0x000001ee62548720, 0x000001ee62548810]  240 bytes
[MachCode]
  0x000001ee62548720: 8b04 2448 | 83c4 0845 | 0fb7 4501 | 410f c841 | c1e8 1048 | 8b55 e848 | 8b52 0848 | 8b52 08e8 
  0x000001ee62548740: 0500 0000 | e9ab 0000 | 004c 8bc8 | 488d 4424 | 084c 896d | c049 8bcf | c5f8 7749 | 89af b003 
  0x000001ee62548760: 0000 4989 | 87a0 0300 | 0048 83ec | 2040 f6c4 | 0f0f 8419 | 0000 0048 | 83ec 0848 | b8a0 6eb2 
  0x000001ee62548780: 5dfd 7f00 | 00ff d048 | 83c4 08e9 | 0c00 0000 | 48b8 a06e | b25d fd7f | 0000 ffd0 | 4883 c420 
  0x000001ee625487a0: 49c7 87a0 | 0300 0000 | 0000 0049 | c787 b003 | 0000 0000 | 0000 49c7 | 87a8 0300 | 0000 0000 
  0x000001ee625487c0: 00c5 f877 | 4983 7f08 | 000f 8405 | 0000 00e9 | 2c87 feff | 498b 87f8 | 0300 0049 | c787 f803 
  0x000001ee625487e0: 0000 0000 | 0000 4c8b | 6dc0 4c8b | 75c8 4e8d | 74f5 00c3 | 410f b65d | 0349 83c5 | 0349 ba60 
  0x000001ee62548800: f841 5efd | 7f00 0041 | ff24 da0f | 1f44 0000 
[/MachCode]

---------------  P R O C E S S  ---------------

Threads class SMR info:
_java_thread_list=0x000001ee722189d0, length=15, elements={
0x000001ee59e01210, 0x000001ee6d49d610, 0x000001ee6d49e330, 0x000001ee6d4a0520,
0x000001ee6d4a24a0, 0x000001ee6d4a3030, 0x000001ee6d4a70c0, 0x000001ee6d4b1b80,
0x000001ee6d5986a0, 0x000001ee6d598d50, 0x000001ee6d5f30d0, 0x000001ee6d8d4570,
0x000001ee6d8cfe40, 0x000001ee72063080, 0x000001ee72221fb0
}

Java Threads: ( => current thread )
=>0x000001ee59e01210 JavaThread "main"                              [_thread_in_vm, id=10968, stack(0x000000bd57900000,0x000000bd57a00000) (1024K)]
  0x000001ee6d49d610 JavaThread "Reference Handler"          daemon [_thread_blocked, id=17652, stack(0x000000bd58100000,0x000000bd58200000) (1024K)]
  0x000001ee6d49e330 JavaThread "Finalizer"                  daemon [_thread_blocked, id=14772, stack(0x000000bd58200000,0x000000bd58300000) (1024K)]
  0x000001ee6d4a0520 JavaThread "Signal Dispatcher"          daemon [_thread_blocked, id=340, stack(0x000000bd58300000,0x000000bd58400000) (1024K)]
  0x000001ee6d4a24a0 JavaThread "Attach Listener"            daemon [_thread_blocked, id=11276, stack(0x000000bd58400000,0x000000bd58500000) (1024K)]
  0x000001ee6d4a3030 JavaThread "Service Thread"             daemon [_thread_blocked, id=4688, stack(0x000000bd58500000,0x000000bd58600000) (1024K)]
  0x000001ee6d4a70c0 JavaThread "Monitor Deflation Thread"   daemon [_thread_blocked, id=6524, stack(0x000000bd58600000,0x000000bd58700000) (1024K)]
  0x000001ee6d4b1b80 JavaThread "C1 CompilerThread0"         daemon [_thread_blocked, id=16960, stack(0x000000bd58700000,0x000000bd58800000) (1024K)]
  0x000001ee6d5986a0 JavaThread "C1 CompilerThread1"         daemon [_thread_blocked, id=5916, stack(0x000000bd58800000,0x000000bd58900000) (1024K)]
  0x000001ee6d598d50 JavaThread "C1 CompilerThread2"         daemon [_thread_blocked, id=3124, stack(0x000000bd58900000,0x000000bd58a00000) (1024K)]
  0x000001ee6d5f30d0 JavaThread "Common-Cleaner"             daemon [_thread_blocked, id=19340, stack(0x000000bd58a00000,0x000000bd58b00000) (1024K)]
  0x000001ee6d8d4570 JavaThread "Monitor Ctrl-Break"         daemon [_thread_in_native, id=9492, stack(0x000000bd58b00000,0x000000bd58c00000) (1024K)]
  0x000001ee6d8cfe40 JavaThread "Notification Thread"        daemon [_thread_blocked, id=13836, stack(0x000000bd58c00000,0x000000bd58d00000) (1024K)]
  0x000001ee72063080 JavaThread "C1 CompilerThread3"         daemon [_thread_blocked, id=14556, stack(0x000000bd58d00000,0x000000bd58e00000) (1024K)]
  0x000001ee72221fb0 JavaThread "RMI TCP Accept-0"           daemon [_thread_in_native, id=4292, stack(0x000000bd58e00000,0x000000bd58f00000) (1024K)]
Total: 15

Other Threads:
  0x000001ee6d480180 VMThread "VM Thread"                           [id=5984, stack(0x000000bd58000000,0x000000bd58100000) (1024K)]
  0x000001ee6d4718b0 WatcherThread "VM Periodic Task Thread"        [id=8728, stack(0x000000bd57f00000,0x000000bd58000000) (1024K)]
  0x000001ee59e67430 WorkerThread "GC Thread#0"                     [id=3396, stack(0x000000bd57a00000,0x000000bd57b00000) (1024K)]
  0x000001ee72459470 WorkerThread "GC Thread#1"                     [id=17624, stack(0x000000bd58f00000,0x000000bd59000000) (1024K)]
  0x000001ee724aa260 WorkerThread "GC Thread#2"                     [id=16812, stack(0x000000bd59000000,0x000000bd59100000) (1024K)]
  0x000001ee724b6810 WorkerThread "GC Thread#3"                     [id=1800, stack(0x000000bd59100000,0x000000bd59200000) (1024K)]
  0x000001ee724b6bc0 WorkerThread "GC Thread#4"                     [id=19728, stack(0x000000bd59200000,0x000000bd59300000) (1024K)]
  0x000001ee724b7790 WorkerThread "GC Thread#5"                     [id=14416, stack(0x000000bd59300000,0x000000bd59400000) (1024K)]
  0x000001ee724d6550 WorkerThread "GC Thread#6"                     [id=18916, stack(0x000000bd59400000,0x000000bd59500000) (1024K)]
  0x000001ee724d6900 WorkerThread "GC Thread#7"                     [id=14008, stack(0x000000bd59500000,0x000000bd59600000) (1024K)]
  0x000001ee59e78360 ConcurrentGCThread "G1 Main Marker"            [id=6096, stack(0x000000bd57b00000,0x000000bd57c00000) (1024K)]
  0x000001ee59e79610 WorkerThread "G1 Conc#0"                       [id=12332, stack(0x000000bd57c00000,0x000000bd57d00000) (1024K)]
  0x000001ee59ece3f0 ConcurrentGCThread "G1 Refine#0"               [id=18296, stack(0x000000bd57d00000,0x000000bd57e00000) (1024K)]
  0x000001ee6d33f160 ConcurrentGCThread "G1 Service"                [id=18940, stack(0x000000bd57e00000,0x000000bd57f00000) (1024K)]
Total: 14

Threads with active compile tasks:
Total: 0

VM state: not at safepoint (normal execution)

VM Mutex/Monitor currently owned by a thread:  ([mutex/lock_event])
[0x00007ffd5e409820] Metaspace_lock - owner thread: 0x000001ee59e01210
[0x00007ffd5e40a520] MultiArray_lock - owner thread: 0x000001ee59e01210

Heap address: 0x0000000702600000, size: 4058 MB, Compressed Oops mode: Zero based, Oop shift amount: 3

CDS archive(s) mapped at: [0x000001ee00000000-0x000001ee00c80000-0x000001ee00c80000), size 13107200, SharedBaseAddress: 0x000001ee00000000, ArchiveRelocationMode: 1.
Compressed class space mapped at: 0x000001ee01000000-0x000001ee41000000, reserved size: 1073741824
Narrow klass base: 0x000001ee00000000, Narrow klass shift: 0, Narrow klass range: 0x100000000

GC Precious Log:
 CardTable entry size: 512
 Card Set container configuration: InlinePtr #cards 4 size 8 Array Of Cards #cards 16 size 48 Howl #buckets 8 coarsen threshold 3686 Howl Bitmap #cards 512 size 80 coarsen threshold 460 Card regions per heap region 1 cards per card region 4096
 CPUs: 12 total, 12 available
 Memory: 16227M
 Large Page Support: Disabled
 NUMA Support: Disabled
 Compressed Oops: Enabled (Zero based)
 Heap Region Size: 2M
 Heap Min Capacity: 8M
 Heap Initial Capacity: 254M
 Heap Max Capacity: 4058M
 Pre-touch: Disabled
 Parallel Workers: 10
 Concurrent Workers: 3
 Concurrent Refinement Workers: 10
 Periodic GC: Disabled

Heap:
 garbage-first heap   total 260096K, used 20939K [0x0000000702600000, 0x0000000800000000)
  region size 2048K, 12 young (24576K), 2 survivors (4096K)
 Metaspace       used 12038K, committed 12352K, reserved 1114112K
  class space    used 1647K, committed 1792K, reserved 1048576K

Heap Regions: E=young(eden), S=young(survivor), O=old, HS=humongous(starts), HC=humongous(continues), CS=collection set, F=free, TAMS=top-at-mark-start, PB=parsable bottom
|   0|0x0000000702600000, 0x0000000702672fc0, 0x0000000702800000| 22%| O|  |TAMS 0x0000000702600000| PB 0x0000000702600000| Untracked 
|   1|0x0000000702800000, 0x0000000702800000, 0x0000000702a00000|  0%| F|  |TAMS 0x0000000702800000| PB 0x0000000702800000| Untracked 
|   2|0x0000000702a00000, 0x0000000702a00000, 0x0000000702c00000|  0%| F|  |TAMS 0x0000000702a00000| PB 0x0000000702a00000| Untracked 
|   3|0x0000000702c00000, 0x0000000702c00000, 0x0000000702e00000|  0%| F|  |TAMS 0x0000000702c00000| PB 0x0000000702c00000| Untracked 
|   4|0x0000000702e00000, 0x0000000702e00000, 0x0000000703000000|  0%| F|  |TAMS 0x0000000702e00000| PB 0x0000000702e00000| Untracked 
|   5|0x0000000703000000, 0x0000000703000000, 0x0000000703200000|  0%| F|  |TAMS 0x0000000703000000| PB 0x0000000703000000| Untracked 
|   6|0x0000000703200000, 0x0000000703200000, 0x0000000703400000|  0%| F|  |TAMS 0x0000000703200000| PB 0x0000000703200000| Untracked 
|   7|0x0000000703400000, 0x0000000703400000, 0x0000000703600000|  0%| F|  |TAMS 0x0000000703400000| PB 0x0000000703400000| Untracked 
|   8|0x0000000703600000, 0x0000000703600000, 0x0000000703800000|  0%| F|  |TAMS 0x0000000703600000| PB 0x0000000703600000| Untracked 
|   9|0x0000000703800000, 0x0000000703800000, 0x0000000703a00000|  0%| F|  |TAMS 0x0000000703800000| PB 0x0000000703800000| Untracked 
|  10|0x0000000703a00000, 0x0000000703a00000, 0x0000000703c00000|  0%| F|  |TAMS 0x0000000703a00000| PB 0x0000000703a00000| Untracked 
|  11|0x0000000703c00000, 0x0000000703c00000, 0x0000000703e00000|  0%| F|  |TAMS 0x0000000703c00000| PB 0x0000000703c00000| Untracked 
|  12|0x0000000703e00000, 0x0000000703e00000, 0x0000000704000000|  0%| F|  |TAMS 0x0000000703e00000| PB 0x0000000703e00000| Untracked 
|  13|0x0000000704000000, 0x0000000704000000, 0x0000000704200000|  0%| F|  |TAMS 0x0000000704000000| PB 0x0000000704000000| Untracked 
|  14|0x0000000704200000, 0x0000000704200000, 0x0000000704400000|  0%| F|  |TAMS 0x0000000704200000| PB 0x0000000704200000| Untracked 
|  15|0x0000000704400000, 0x0000000704400000, 0x0000000704600000|  0%| F|  |TAMS 0x0000000704400000| PB 0x0000000704400000| Untracked 
|  16|0x0000000704600000, 0x0000000704600000, 0x0000000704800000|  0%| F|  |TAMS 0x0000000704600000| PB 0x0000000704600000| Untracked 
|  17|0x0000000704800000, 0x0000000704800000, 0x0000000704a00000|  0%| F|  |TAMS 0x0000000704800000| PB 0x0000000704800000| Untracked 
|  18|0x0000000704a00000, 0x0000000704a00000, 0x0000000704c00000|  0%| F|  |TAMS 0x0000000704a00000| PB 0x0000000704a00000| Untracked 
|  19|0x0000000704c00000, 0x0000000704c00000, 0x0000000704e00000|  0%| F|  |TAMS 0x0000000704c00000| PB 0x0000000704c00000| Untracked 
|  20|0x0000000704e00000, 0x0000000704e00000, 0x0000000705000000|  0%| F|  |TAMS 0x0000000704e00000| PB 0x0000000704e00000| Untracked 
|  21|0x0000000705000000, 0x0000000705000000, 0x0000000705200000|  0%| F|  |TAMS 0x0000000705000000| PB 0x0000000705000000| Untracked 
|  22|0x0000000705200000, 0x0000000705200000, 0x0000000705400000|  0%| F|  |TAMS 0x0000000705200000| PB 0x0000000705200000| Untracked 
|  23|0x0000000705400000, 0x0000000705400000, 0x0000000705600000|  0%| F|  |TAMS 0x0000000705400000| PB 0x0000000705400000| Untracked 
|  24|0x0000000705600000, 0x0000000705600000, 0x0000000705800000|  0%| F|  |TAMS 0x0000000705600000| PB 0x0000000705600000| Untracked 
|  25|0x0000000705800000, 0x0000000705800000, 0x0000000705a00000|  0%| F|  |TAMS 0x0000000705800000| PB 0x0000000705800000| Untracked 
|  26|0x0000000705a00000, 0x0000000705a00000, 0x0000000705c00000|  0%| F|  |TAMS 0x0000000705a00000| PB 0x0000000705a00000| Untracked 
|  27|0x0000000705c00000, 0x0000000705c00000, 0x0000000705e00000|  0%| F|  |TAMS 0x0000000705c00000| PB 0x0000000705c00000| Untracked 
|  28|0x0000000705e00000, 0x0000000705e00000, 0x0000000706000000|  0%| F|  |TAMS 0x0000000705e00000| PB 0x0000000705e00000| Untracked 
|  29|0x0000000706000000, 0x0000000706000000, 0x0000000706200000|  0%| F|  |TAMS 0x0000000706000000| PB 0x0000000706000000| Untracked 
|  30|0x0000000706200000, 0x0000000706200000, 0x0000000706400000|  0%| F|  |TAMS 0x0000000706200000| PB 0x0000000706200000| Untracked 
|  31|0x0000000706400000, 0x0000000706400000, 0x0000000706600000|  0%| F|  |TAMS 0x0000000706400000| PB 0x0000000706400000| Untracked 
|  32|0x0000000706600000, 0x0000000706600000, 0x0000000706800000|  0%| F|  |TAMS 0x0000000706600000| PB 0x0000000706600000| Untracked 
|  33|0x0000000706800000, 0x0000000706800000, 0x0000000706a00000|  0%| F|  |TAMS 0x0000000706800000| PB 0x0000000706800000| Untracked 
|  34|0x0000000706a00000, 0x0000000706a00000, 0x0000000706c00000|  0%| F|  |TAMS 0x0000000706a00000| PB 0x0000000706a00000| Untracked 
|  35|0x0000000706c00000, 0x0000000706c00000, 0x0000000706e00000|  0%| F|  |TAMS 0x0000000706c00000| PB 0x0000000706c00000| Untracked 
|  36|0x0000000706e00000, 0x0000000706e00000, 0x0000000707000000|  0%| F|  |TAMS 0x0000000706e00000| PB 0x0000000706e00000| Untracked 
|  37|0x0000000707000000, 0x0000000707000000, 0x0000000707200000|  0%| F|  |TAMS 0x0000000707000000| PB 0x0000000707000000| Untracked 
|  38|0x0000000707200000, 0x0000000707200000, 0x0000000707400000|  0%| F|  |TAMS 0x0000000707200000| PB 0x0000000707200000| Untracked 
|  39|0x0000000707400000, 0x0000000707400000, 0x0000000707600000|  0%| F|  |TAMS 0x0000000707400000| PB 0x0000000707400000| Untracked 
|  40|0x0000000707600000, 0x0000000707600000, 0x0000000707800000|  0%| F|  |TAMS 0x0000000707600000| PB 0x0000000707600000| Untracked 
|  41|0x0000000707800000, 0x0000000707800000, 0x0000000707a00000|  0%| F|  |TAMS 0x0000000707800000| PB 0x0000000707800000| Untracked 
|  42|0x0000000707a00000, 0x0000000707a00000, 0x0000000707c00000|  0%| F|  |TAMS 0x0000000707a00000| PB 0x0000000707a00000| Untracked 
|  43|0x0000000707c00000, 0x0000000707c00000, 0x0000000707e00000|  0%| F|  |TAMS 0x0000000707c00000| PB 0x0000000707c00000| Untracked 
|  44|0x0000000707e00000, 0x0000000707e00000, 0x0000000708000000|  0%| F|  |TAMS 0x0000000707e00000| PB 0x0000000707e00000| Untracked 
|  45|0x0000000708000000, 0x0000000708000000, 0x0000000708200000|  0%| F|  |TAMS 0x0000000708000000| PB 0x0000000708000000| Untracked 
|  46|0x0000000708200000, 0x0000000708200000, 0x0000000708400000|  0%| F|  |TAMS 0x0000000708200000| PB 0x0000000708200000| Untracked 
|  47|0x0000000708400000, 0x0000000708400000, 0x0000000708600000|  0%| F|  |TAMS 0x0000000708400000| PB 0x0000000708400000| Untracked 
|  48|0x0000000708600000, 0x0000000708600000, 0x0000000708800000|  0%| F|  |TAMS 0x0000000708600000| PB 0x0000000708600000| Untracked 
|  49|0x0000000708800000, 0x0000000708800000, 0x0000000708a00000|  0%| F|  |TAMS 0x0000000708800000| PB 0x0000000708800000| Untracked 
|  50|0x0000000708a00000, 0x0000000708a00000, 0x0000000708c00000|  0%| F|  |TAMS 0x0000000708a00000| PB 0x0000000708a00000| Untracked 
|  51|0x0000000708c00000, 0x0000000708c00000, 0x0000000708e00000|  0%| F|  |TAMS 0x0000000708c00000| PB 0x0000000708c00000| Untracked 
|  52|0x0000000708e00000, 0x0000000708e00000, 0x0000000709000000|  0%| F|  |TAMS 0x0000000708e00000| PB 0x0000000708e00000| Untracked 
|  53|0x0000000709000000, 0x0000000709000000, 0x0000000709200000|  0%| F|  |TAMS 0x0000000709000000| PB 0x0000000709000000| Untracked 
|  54|0x0000000709200000, 0x0000000709200000, 0x0000000709400000|  0%| F|  |TAMS 0x0000000709200000| PB 0x0000000709200000| Untracked 
|  55|0x0000000709400000, 0x0000000709400000, 0x0000000709600000|  0%| F|  |TAMS 0x0000000709400000| PB 0x0000000709400000| Untracked 
|  56|0x0000000709600000, 0x0000000709600000, 0x0000000709800000|  0%| F|  |TAMS 0x0000000709600000| PB 0x0000000709600000| Untracked 
|  57|0x0000000709800000, 0x0000000709800000, 0x0000000709a00000|  0%| F|  |TAMS 0x0000000709800000| PB 0x0000000709800000| Untracked 
|  58|0x0000000709a00000, 0x0000000709a00000, 0x0000000709c00000|  0%| F|  |TAMS 0x0000000709a00000| PB 0x0000000709a00000| Untracked 
|  59|0x0000000709c00000, 0x0000000709c00000, 0x0000000709e00000|  0%| F|  |TAMS 0x0000000709c00000| PB 0x0000000709c00000| Untracked 
|  60|0x0000000709e00000, 0x0000000709e00000, 0x000000070a000000|  0%| F|  |TAMS 0x0000000709e00000| PB 0x0000000709e00000| Untracked 
|  61|0x000000070a000000, 0x000000070a000000, 0x000000070a200000|  0%| F|  |TAMS 0x000000070a000000| PB 0x000000070a000000| Untracked 
|  62|0x000000070a200000, 0x000000070a200000, 0x000000070a400000|  0%| F|  |TAMS 0x000000070a200000| PB 0x000000070a200000| Untracked 
|  63|0x000000070a400000, 0x000000070a400000, 0x000000070a600000|  0%| F|  |TAMS 0x000000070a400000| PB 0x000000070a400000| Untracked 
|  64|0x000000070a600000, 0x000000070a600000, 0x000000070a800000|  0%| F|  |TAMS 0x000000070a600000| PB 0x000000070a600000| Untracked 
|  65|0x000000070a800000, 0x000000070a800000, 0x000000070aa00000|  0%| F|  |TAMS 0x000000070a800000| PB 0x000000070a800000| Untracked 
|  66|0x000000070aa00000, 0x000000070aa00000, 0x000000070ac00000|  0%| F|  |TAMS 0x000000070aa00000| PB 0x000000070aa00000| Untracked 
|  67|0x000000070ac00000, 0x000000070ac00000, 0x000000070ae00000|  0%| F|  |TAMS 0x000000070ac00000| PB 0x000000070ac00000| Untracked 
|  68|0x000000070ae00000, 0x000000070ae00000, 0x000000070b000000|  0%| F|  |TAMS 0x000000070ae00000| PB 0x000000070ae00000| Untracked 
|  69|0x000000070b000000, 0x000000070b000000, 0x000000070b200000|  0%| F|  |TAMS 0x000000070b000000| PB 0x000000070b000000| Untracked 
|  70|0x000000070b200000, 0x000000070b200000, 0x000000070b400000|  0%| F|  |TAMS 0x000000070b200000| PB 0x000000070b200000| Untracked 
|  71|0x000000070b400000, 0x000000070b400000, 0x000000070b600000|  0%| F|  |TAMS 0x000000070b400000| PB 0x000000070b400000| Untracked 
|  72|0x000000070b600000, 0x000000070b600000, 0x000000070b800000|  0%| F|  |TAMS 0x000000070b600000| PB 0x000000070b600000| Untracked 
|  73|0x000000070b800000, 0x000000070b800000, 0x000000070ba00000|  0%| F|  |TAMS 0x000000070b800000| PB 0x000000070b800000| Untracked 
|  74|0x000000070ba00000, 0x000000070ba00000, 0x000000070bc00000|  0%| F|  |TAMS 0x000000070ba00000| PB 0x000000070ba00000| Untracked 
|  75|0x000000070bc00000, 0x000000070bc00000, 0x000000070be00000|  0%| F|  |TAMS 0x000000070bc00000| PB 0x000000070bc00000| Untracked 
|  76|0x000000070be00000, 0x000000070be00000, 0x000000070c000000|  0%| F|  |TAMS 0x000000070be00000| PB 0x000000070be00000| Untracked 
|  77|0x000000070c000000, 0x000000070c000000, 0x000000070c200000|  0%| F|  |TAMS 0x000000070c000000| PB 0x000000070c000000| Untracked 
|  78|0x000000070c200000, 0x000000070c200000, 0x000000070c400000|  0%| F|  |TAMS 0x000000070c200000| PB 0x000000070c200000| Untracked 
|  79|0x000000070c400000, 0x000000070c400000, 0x000000070c600000|  0%| F|  |TAMS 0x000000070c400000| PB 0x000000070c400000| Untracked 
|  80|0x000000070c600000, 0x000000070c600000, 0x000000070c800000|  0%| F|  |TAMS 0x000000070c600000| PB 0x000000070c600000| Untracked 
|  81|0x000000070c800000, 0x000000070c800000, 0x000000070ca00000|  0%| F|  |TAMS 0x000000070c800000| PB 0x000000070c800000| Untracked 
|  82|0x000000070ca00000, 0x000000070ca00000, 0x000000070cc00000|  0%| F|  |TAMS 0x000000070ca00000| PB 0x000000070ca00000| Untracked 
|  83|0x000000070cc00000, 0x000000070cc00000, 0x000000070ce00000|  0%| F|  |TAMS 0x000000070cc00000| PB 0x000000070cc00000| Untracked 
|  84|0x000000070ce00000, 0x000000070ce00000, 0x000000070d000000|  0%| F|  |TAMS 0x000000070ce00000| PB 0x000000070ce00000| Untracked 
|  85|0x000000070d000000, 0x000000070d000000, 0x000000070d200000|  0%| F|  |TAMS 0x000000070d000000| PB 0x000000070d000000| Untracked 
|  86|0x000000070d200000, 0x000000070d200000, 0x000000070d400000|  0%| F|  |TAMS 0x000000070d200000| PB 0x000000070d200000| Untracked 
|  87|0x000000070d400000, 0x000000070d400000, 0x000000070d600000|  0%| F|  |TAMS 0x000000070d400000| PB 0x000000070d400000| Untracked 
|  88|0x000000070d600000, 0x000000070d600000, 0x000000070d800000|  0%| F|  |TAMS 0x000000070d600000| PB 0x000000070d600000| Untracked 
|  89|0x000000070d800000, 0x000000070d800000, 0x000000070da00000|  0%| F|  |TAMS 0x000000070d800000| PB 0x000000070d800000| Untracked 
|  90|0x000000070da00000, 0x000000070da00000, 0x000000070dc00000|  0%| F|  |TAMS 0x000000070da00000| PB 0x000000070da00000| Untracked 
|  91|0x000000070dc00000, 0x000000070dc00000, 0x000000070de00000|  0%| F|  |TAMS 0x000000070dc00000| PB 0x000000070dc00000| Untracked 
|  92|0x000000070de00000, 0x000000070de00000, 0x000000070e000000|  0%| F|  |TAMS 0x000000070de00000| PB 0x000000070de00000| Untracked 
|  93|0x000000070e000000, 0x000000070e000000, 0x000000070e200000|  0%| F|  |TAMS 0x000000070e000000| PB 0x000000070e000000| Untracked 
|  94|0x000000070e200000, 0x000000070e200000, 0x000000070e400000|  0%| F|  |TAMS 0x000000070e200000| PB 0x000000070e200000| Untracked 
|  95|0x000000070e400000, 0x000000070e400000, 0x000000070e600000|  0%| F|  |TAMS 0x000000070e400000| PB 0x000000070e400000| Untracked 
|  96|0x000000070e600000, 0x000000070e600000, 0x000000070e800000|  0%| F|  |TAMS 0x000000070e600000| PB 0x000000070e600000| Untracked 
|  97|0x000000070e800000, 0x000000070e800000, 0x000000070ea00000|  0%| F|  |TAMS 0x000000070e800000| PB 0x000000070e800000| Untracked 
|  98|0x000000070ea00000, 0x000000070ea00000, 0x000000070ec00000|  0%| F|  |TAMS 0x000000070ea00000| PB 0x000000070ea00000| Untracked 
|  99|0x000000070ec00000, 0x000000070ec00000, 0x000000070ee00000|  0%| F|  |TAMS 0x000000070ec00000| PB 0x000000070ec00000| Untracked 
| 100|0x000000070ee00000, 0x000000070ee00000, 0x000000070f000000|  0%| F|  |TAMS 0x000000070ee00000| PB 0x000000070ee00000| Untracked 
| 101|0x000000070f000000, 0x000000070f000000, 0x000000070f200000|  0%| F|  |TAMS 0x000000070f000000| PB 0x000000070f000000| Untracked 
| 102|0x000000070f200000, 0x000000070f200000, 0x000000070f400000|  0%| F|  |TAMS 0x000000070f200000| PB 0x000000070f200000| Untracked 
| 103|0x000000070f400000, 0x000000070f400000, 0x000000070f600000|  0%| F|  |TAMS 0x000000070f400000| PB 0x000000070f400000| Untracked 
| 104|0x000000070f600000, 0x000000070f600000, 0x000000070f800000|  0%| F|  |TAMS 0x000000070f600000| PB 0x000000070f600000| Untracked 
| 105|0x000000070f800000, 0x000000070f800000, 0x000000070fa00000|  0%| F|  |TAMS 0x000000070f800000| PB 0x000000070f800000| Untracked 
| 106|0x000000070fa00000, 0x000000070fa00000, 0x000000070fc00000|  0%| F|  |TAMS 0x000000070fa00000| PB 0x000000070fa00000| Untracked 
| 107|0x000000070fc00000, 0x000000070fc00000, 0x000000070fe00000|  0%| F|  |TAMS 0x000000070fc00000| PB 0x000000070fc00000| Untracked 
| 108|0x000000070fe00000, 0x000000070fe00000, 0x0000000710000000|  0%| F|  |TAMS 0x000000070fe00000| PB 0x000000070fe00000| Untracked 
| 109|0x0000000710000000, 0x0000000710000000, 0x0000000710200000|  0%| F|  |TAMS 0x0000000710000000| PB 0x0000000710000000| Untracked 
| 110|0x0000000710200000, 0x0000000710200000, 0x0000000710400000|  0%| F|  |TAMS 0x0000000710200000| PB 0x0000000710200000| Untracked 
| 111|0x0000000710400000, 0x0000000710400000, 0x0000000710600000|  0%| F|  |TAMS 0x0000000710400000| PB 0x0000000710400000| Untracked 
| 112|0x0000000710600000, 0x0000000710600000, 0x0000000710800000|  0%| F|  |TAMS 0x0000000710600000| PB 0x0000000710600000| Untracked 
| 113|0x0000000710800000, 0x0000000710800000, 0x0000000710a00000|  0%| F|  |TAMS 0x0000000710800000| PB 0x0000000710800000| Untracked 
| 114|0x0000000710a00000, 0x0000000710c00000, 0x0000000710c00000|100%| S|CS|TAMS 0x0000000710a00000| PB 0x0000000710a00000| Complete 
| 115|0x0000000710c00000, 0x0000000710e00000, 0x0000000710e00000|100%| S|CS|TAMS 0x0000000710c00000| PB 0x0000000710c00000| Complete 
| 116|0x0000000710e00000, 0x0000000710e00000, 0x0000000711000000|  0%| F|  |TAMS 0x0000000710e00000| PB 0x0000000710e00000| Untracked 
| 117|0x0000000711000000, 0x00000007110ff510, 0x0000000711200000| 49%| E|  |TAMS 0x0000000711000000| PB 0x0000000711000000| Complete 
| 118|0x0000000711200000, 0x0000000711400000, 0x0000000711400000|100%| E|CS|TAMS 0x0000000711200000| PB 0x0000000711200000| Complete 
| 119|0x0000000711400000, 0x0000000711600000, 0x0000000711600000|100%| E|CS|TAMS 0x0000000711400000| PB 0x0000000711400000| Complete 
| 120|0x0000000711600000, 0x0000000711800000, 0x0000000711800000|100%| E|CS|TAMS 0x0000000711600000| PB 0x0000000711600000| Complete 
| 121|0x0000000711800000, 0x0000000711a00000, 0x0000000711a00000|100%| E|  |TAMS 0x0000000711800000| PB 0x0000000711800000| Complete 
| 122|0x0000000711a00000, 0x0000000711c00000, 0x0000000711c00000|100%| E|CS|TAMS 0x0000000711a00000| PB 0x0000000711a00000| Complete 
| 123|0x0000000711c00000, 0x0000000711e00000, 0x0000000711e00000|100%| E|CS|TAMS 0x0000000711c00000| PB 0x0000000711c00000| Complete 
| 124|0x0000000711e00000, 0x0000000712000000, 0x0000000712000000|100%| E|CS|TAMS 0x0000000711e00000| PB 0x0000000711e00000| Complete 
| 125|0x0000000712000000, 0x0000000712200000, 0x0000000712200000|100%| E|CS|TAMS 0x0000000712000000| PB 0x0000000712000000| Complete 
| 126|0x0000000712200000, 0x0000000712400000, 0x0000000712400000|100%| E|CS|TAMS 0x0000000712200000| PB 0x0000000712200000| Complete 

Card table byte_map: [0x000001ee66050000,0x000001ee66840000] _byte_map_base: 0x000001ee6283d000

Marking Bits: (CMBitMap*) 0x000001ee59e67b40
 Bits: [0x000001ee66840000, 0x000001ee6a7a8000)

Polling page: 0x000001ee595d0000

Metaspace:

Usage:
  Non-class:     10.15 MB used.
      Class:      1.61 MB used.
       Both:     11.76 MB used.

Virtual space:
  Non-class space:       64.00 MB reserved,      10.31 MB ( 16%) committed,  1 nodes.
      Class space:        1.00 GB reserved,       1.75 MB ( <1%) committed,  1 nodes.
             Both:        1.06 GB reserved,      12.06 MB (  1%) committed. 

Chunk freelists:
   Non-Class:  4.95 MB
       Class:  14.05 MB
        Both:  19.00 MB

MaxMetaspaceSize: unlimited
CompressedClassSpaceSize: 1.00 GB
Initial GC threshold: 21.00 MB
Current GC threshold: 21.00 MB
CDS: on
 - commit_granule_bytes: 65536.
 - commit_granule_words: 8192.
 - virtual_space_node_default_size: 8388608.
 - enlarge_chunks_in_place: 1.
 - use_allocation_guard: 0.


Internal statistics:

num_allocs_failed_limit: 0.
num_arena_births: 398.
num_arena_deaths: 0.
num_vsnodes_births: 2.
num_vsnodes_deaths: 0.
num_space_committed: 193.
num_space_uncommitted: 0.
num_chunks_returned_to_freelist: 0.
num_chunks_taken_from_freelist: 731.
num_chunk_merges: 0.
num_chunk_splits: 465.
num_chunks_enlarged: 296.
num_inconsistent_stats: 0.

CodeCache: size=49152Kb used=6003Kb max_used=6003Kb free=43148Kb
 bounds [0x000001ee62530000, 0x000001ee62b10000, 0x000001ee65530000]
 total_blobs=2572, nmethods=2079, adapters=414, full_count=0
Compilation: enabled, stopped_count=0, restarted_count=0

Compilation events (20 events):
Event: 0.593 Thread 0x000001ee6d4b1b80 2066       1       org.springframework.boot.context.properties.source.ConfigurationPropertyName::lambda$buildToString$1 (16 bytes)
Event: 0.593 Thread 0x000001ee6d5986a0 2067       1       java.util.stream.Node::getChildCount (2 bytes)
Event: 0.594 Thread 0x000001ee6d5986a0 nmethod 2067 0x000001ee62b06e10 code [0x000001ee62b06fa0, 0x000001ee62b07068]
Event: 0.594 Thread 0x000001ee6d4b1b80 nmethod 2066 0x000001ee62b07110 code [0x000001ee62b072c0, 0x000001ee62b073e0]
Event: 0.594 Thread 0x000001ee6d598d50 nmethod 2065 0x000001ee62b07490 code [0x000001ee62b07640, 0x000001ee62b07768]
Event: 0.594 Thread 0x000001ee72063080 nmethod 2061 0x000001ee62b07890 code [0x000001ee62b07aa0, 0x000001ee62b07e20]
Event: 0.594 Thread 0x000001ee72063080 2068       1       java.util.Collections$UnmodifiableMap::containsKey (11 bytes)
Event: 0.594 Thread 0x000001ee6d5986a0 2069       1       java.lang.ProcessEnvironment::containsKey (9 bytes)
Event: 0.594 Thread 0x000001ee72063080 nmethod 2068 0x000001ee62b08090 code [0x000001ee62b08240, 0x000001ee62b08338]
Event: 0.594 Thread 0x000001ee6d5986a0 nmethod 2069 0x000001ee62b08410 code [0x000001ee62b085c0, 0x000001ee62b08790]
Event: 0.596 Thread 0x000001ee72063080 2070       1       java.lang.invoke.Invokers::callSiteForm (297 bytes)
Event: 0.597 Thread 0x000001ee72063080 nmethod 2070 0x000001ee62b08890 code [0x000001ee62b08b60, 0x000001ee62b098e8]
Event: 0.598 Thread 0x000001ee72063080 2073       1       java.lang.invoke.MethodHandleNatives::refKindIsGetter (32 bytes)
Event: 0.598 Thread 0x000001ee72063080 nmethod 2073 0x000001ee62b0b010 code [0x000001ee62b0b1a0, 0x000001ee62b0b258]
Event: 0.598 Thread 0x000001ee6d5986a0 2075       1       java.lang.invoke.BoundMethodHandle$SpeciesData::extendWith (64 bytes)
Event: 0.599 Thread 0x000001ee6d5986a0 nmethod 2075 0x000001ee62b0b910 code [0x000001ee62b0bb20, 0x000001ee62b0bfa8]
Event: 0.599 Thread 0x000001ee6d4b1b80 2077       1       java.lang.invoke.LambdaFormBuffer::indexOf (33 bytes)
Event: 0.599 Thread 0x000001ee6d4b1b80 nmethod 2077 0x000001ee62b0c510 code [0x000001ee62b0c6c0, 0x000001ee62b0c850]
Event: 0.599 Thread 0x000001ee6d5986a0 2079       1       java.lang.invoke.InvokerBytecodeGenerator::assertStaticType (58 bytes)
Event: 0.599 Thread 0x000001ee6d5986a0 nmethod 2079 0x000001ee62b0c910 code [0x000001ee62b0cae0, 0x000001ee62b0cdc0]

GC Heap History (2 events):
Event: 0.361 GC heap before
{Heap before GC invocations=0 (full 0):
 garbage-first heap   total 260096K, used 22528K [0x0000000702600000, 0x0000000800000000)
  region size 2048K, 11 young (22528K), 0 survivors (0K)
 Metaspace       used 7441K, committed 7680K, reserved 1114112K
  class space    used 925K, committed 1024K, reserved 1048576K
}
Event: 0.364 GC heap after
{Heap after GC invocations=1 (full 0):
 garbage-first heap   total 260096K, used 4555K [0x0000000702600000, 0x0000000800000000)
  region size 2048K, 2 young (4096K), 2 survivors (4096K)
 Metaspace       used 7441K, committed 7680K, reserved 1114112K
  class space    used 925K, committed 1024K, reserved 1048576K
}

Dll operation events (10 events):
Event: 0.004 Loaded shared library C:\Users\user\.jdks\ms-21.0.10\bin\java.dll
Event: 0.054 Loaded shared library C:\Users\user\.jdks\ms-21.0.10\bin\zip.dll
Event: 0.056 Loaded shared library C:\Users\user\.jdks\ms-21.0.10\bin\instrument.dll
Event: 0.059 Loaded shared library C:\Users\user\.jdks\ms-21.0.10\bin\net.dll
Event: 0.059 Loaded shared library C:\Users\user\.jdks\ms-21.0.10\bin\nio.dll
Event: 0.062 Loaded shared library C:\Users\user\.jdks\ms-21.0.10\bin\zip.dll
Event: 0.087 Loaded shared library C:\Users\user\.jdks\ms-21.0.10\bin\jimage.dll
Event: 0.089 Loaded shared library C:\Users\user\.jdks\ms-21.0.10\bin\extnet.dll
Event: 0.096 Loaded shared library C:\Users\user\.jdks\ms-21.0.10\bin\management.dll
Event: 0.101 Loaded shared library C:\Users\user\.jdks\ms-21.0.10\bin\management_ext.dll

Deoptimization events (0 events):
No events

Classes loaded (20 events):
Event: 0.585 Loading class java/io/Console
Event: 0.585 Loading class java/io/Console done
Event: 0.585 Loading class jdk/internal/io/JdkConsoleProvider
Event: 0.585 Loading class jdk/internal/io/JdkConsoleProvider done
Event: 0.585 Loading class java/util/ServiceLoader$LayerLookupIterator
Event: 0.585 Loading class java/util/ServiceLoader$LayerLookupIterator done
Event: 0.586 Loading class jdk/internal/io/JdkConsole
Event: 0.586 Loading class jdk/internal/io/JdkConsole done
Event: 0.586 Loading class java/util/AbstractMap$2
Event: 0.586 Loading class java/util/AbstractMap$2 done
Event: 0.586 Loading class java/util/AbstractMap$2$1
Event: 0.586 Loading class java/util/AbstractMap$2$1 done
Event: 0.586 Loading class java/io/Console$1
Event: 0.586 Loading class jdk/internal/access/JavaIOAccess
Event: 0.586 Loading class jdk/internal/access/JavaIOAccess done
Event: 0.586 Loading class java/io/Console$1 done
Event: 0.591 Loading class java/util/concurrent/Executors$DefaultThreadFactory
Event: 0.591 Loading class java/util/concurrent/Executors$DefaultThreadFactory done
Event: 0.596 Loading class java/util/Collections$UnmodifiableMap$UnmodifiableEntrySet$UnmodifiableEntrySetSpliterator
Event: 0.596 Loading class java/util/Collections$UnmodifiableMap$UnmodifiableEntrySet$UnmodifiableEntrySetSpliterator done

Classes unloaded (0 events):
No events

Classes redefined (0 events):
No events

Internal exceptions (20 events):
Event: 0.550 Thread 0x000001ee59e01210 Exception <a 'java/lang/NoSuchMethodError'{0x00000007114bc320}: 'int java.lang.invoke.DirectMethodHandle$Holder.invokeVirtual(java.lang.Object, java.lang.Object)'> (0x00000007114bc320) 
thrown [s\src\hotspot\share\interpreter\linkResolver.cpp, line 773]
Event: 0.550 Thread 0x000001ee59e01210 Exception <a 'java/lang/NoSuchMethodError'{0x00000007114c0380}: 'int java.lang.invoke.DirectMethodHandle$Holder.invokeStaticInit(java.lang.Object, int, int)'> (0x00000007114c0380) 
thrown [s\src\hotspot\share\interpreter\linkResolver.cpp, line 773]
Event: 0.550 Thread 0x000001ee59e01210 Exception <a 'java/lang/NoSuchMethodError'{0x00000007114c7878}: 'int java.lang.invoke.DirectMethodHandle$Holder.invokeStaticInit(java.lang.Object, long, long)'> (0x00000007114c7878) 
thrown [s\src\hotspot\share\interpreter\linkResolver.cpp, line 773]
Event: 0.550 Thread 0x000001ee59e01210 Exception <a 'java/lang/NoSuchMethodError'{0x00000007114ce310}: 'int java.lang.invoke.DirectMethodHandle$Holder.invokeStaticInit(java.lang.Object, float, float)'> (0x00000007114ce310) 
thrown [s\src\hotspot\share\interpreter\linkResolver.cpp, line 773]
Event: 0.551 Thread 0x000001ee59e01210 Exception <a 'java/lang/NoSuchMethodError'{0x00000007114d4da0}: 'int java.lang.invoke.DirectMethodHandle$Holder.invokeStaticInit(java.lang.Object, double, double)'> (0x00000007114d4da0) 
thrown [s\src\hotspot\share\interpreter\linkResolver.cpp, line 773]
Event: 0.551 Thread 0x000001ee59e01210 Exception <a 'java/lang/NoSuchMethodError'{0x00000007114d9228}: 'int java.lang.invoke.DirectMethodHandle$Holder.invokeStatic(java.lang.Object, long)'> (0x00000007114d9228) 
thrown [s\src\hotspot\share\interpreter\linkResolver.cpp, line 773]
Event: 0.552 Thread 0x000001ee59e01210 Exception <a 'java/lang/NoSuchMethodError'{0x00000007114fb288}: 'int java.lang.invoke.Invokers$Holder.linkToTargetMethod(java.lang.Object, java.lang.Object)'> (0x00000007114fb288) 
thrown [s\src\hotspot\share\interpreter\linkResolver.cpp, line 773]
Event: 0.558 Thread 0x000001ee59e01210 Exception <a 'java/lang/NoSuchMethodError'{0x00000007115757c8}: 'java.lang.Object java.lang.invoke.DirectMethodHandle$Holder.invokeSpecial(java.lang.Object, java.lang.Object, java.lang.Object, int, java.lang.Object)'> (0x00000007115757c8) 
thrown [s\src\hotspot\share\interpreter\linkResolver.cpp, line 773]
Event: 0.558 Thread 0x000001ee59e01210 Exception <a 'java/lang/NoSuchMethodError'{0x000000071157cdc8}: 'java.lang.Object java.lang.invoke.DirectMethodHandle$Holder.newInvokeSpecial(java.lang.Object, java.lang.Object, java.lang.Object, int, java.lang.Object)'> (0x000000071157cdc8) 
thrown [s\src\hotspot\share\interpreter\linkResolver.cpp, line 773]
Event: 0.558 Thread 0x000001ee59e01210 Exception <a 'java/lang/NoSuchMethodError'{0x0000000711580d48}: 'java.lang.Object java.lang.invoke.DirectMethodHandle$Holder.invokeSpecial(java.lang.Object, java.lang.Object, java.lang.Object, java.lang.Object, int, java.lang.Object)'> (0x0000000711580d48) 
thrown [s\src\hotspot\share\interpreter\linkResolver.cpp, line 773]
Event: 0.559 Thread 0x000001ee59e01210 Exception <a 'java/lang/NoSuchMethodError'{0x00000007115845d8}: 'java.lang.Object java.lang.invoke.Invokers$Holder.linkToTargetMethod(java.lang.Object, java.lang.Object, int, java.lang.Object, java.lang.Object)'> (0x00000007115845d8) 
thrown [s\src\hotspot\share\interpreter\linkResolver.cpp, line 773]
Event: 0.559 Thread 0x000001ee59e01210 Exception <a 'java/lang/NoSuchMethodError'{0x0000000711592dd0}: 'java.lang.Object java.lang.invoke.DirectMethodHandle$Holder.newInvokeSpecial(java.lang.Object, int, java.lang.Object)'> (0x0000000711592dd0) 
thrown [s\src\hotspot\share\interpreter\linkResolver.cpp, line 773]
Event: 0.559 Thread 0x000001ee59e01210 Exception <a 'java/lang/NoSuchMethodError'{0x0000000711597300}: 'int java.lang.invoke.DirectMethodHandle$Holder.invokeSpecialIFC(java.lang.Object, java.lang.Object, java.lang.Object, java.lang.Object)'> (0x0000000711597300) 
thrown [s\src\hotspot\share\interpreter\linkResolver.cpp, line 773]
Event: 0.567 Thread 0x000001ee59e01210 Exception <a 'java/lang/NoSuchMethodError'{0x0000000711224930}: 'void java.lang.invoke.DirectMethodHandle$Holder.invokeInterface(java.lang.Object, java.lang.Object, java.lang.Object)'> (0x0000000711224930) 
thrown [s\src\hotspot\share\interpreter\linkResolver.cpp, line 773]
Event: 0.574 Thread 0x000001ee59e01210 Exception <a 'java/lang/NoSuchMethodError'{0x0000000711298c88}: 'java.lang.Object java.lang.invoke.DirectMethodHandle$Holder.invokeVirtual(java.lang.Object, java.lang.Object, java.lang.Object)'> (0x0000000711298c88) 
thrown [s\src\hotspot\share\interpreter\linkResolver.cpp, line 773]
Event: 0.583 Thread 0x000001ee59e01210 Exception <a 'java/lang/NoSuchMethodError'{0x0000000711369918}: 'void java.lang.invoke.DirectMethodHandle$Holder.invokeStatic(java.lang.Object, java.lang.Object, int)'> (0x0000000711369918) 
thrown [s\src\hotspot\share\interpreter\linkResolver.cpp, line 773]
Event: 0.584 Thread 0x000001ee59e01210 Exception <a 'java/lang/NoSuchMethodError'{0x000000071137abd8}: 'void java.lang.invoke.DirectMethodHandle$Holder.invokeStaticInit(java.lang.Object, java.lang.Object, java.lang.Object)'> (0x000000071137abd8) 
thrown [s\src\hotspot\share\interpreter\linkResolver.cpp, line 773]
Event: 0.585 Thread 0x000001ee59e01210 Exception <a 'java/lang/NoSuchMethodError'{0x00000007113901b0}: 'java.lang.Object java.lang.invoke.DirectMethodHandle$Holder.invokeStaticInit(java.lang.Object, int)'> (0x00000007113901b0) 
thrown [s\src\hotspot\share\interpreter\linkResolver.cpp, line 773]
Event: 0.586 Thread 0x000001ee59e01210 Exception <a 'java/lang/NoSuchMethodError'{0x000000071139a760}: 'java.lang.Object java.lang.invoke.DirectMethodHandle$Holder.invokeStaticInit(java.lang.Object, int, java.lang.Object)'> (0x000000071139a760) 
thrown [s\src\hotspot\share\interpreter\linkResolver.cpp, line 773]
Event: 0.593 Thread 0x000001ee59e01210 Exception <a 'java/lang/NoSuchMethodError'{0x0000000711026760}: 'void java.lang.invoke.DirectMethodHandle$Holder.invokeVirtual(java.lang.Object, java.lang.Object, java.lang.Object, java.lang.Object)'> (0x0000000711026760) 
thrown [s\src\hotspot\share\interpreter\linkResolver.cpp, line 773]

ZGC Phase Switch (0 events):
No events

VM Operations (18 events):
Event: 0.048 Executing non-safepoint VM operation: HandshakeAllThreads (Deoptimize)
Event: 0.048 Executing non-safepoint VM operation: HandshakeAllThreads (Deoptimize) done
Event: 0.179 Executing non-safepoint VM operation: HandshakeAllThreads (Deoptimize)
Event: 0.179 Executing non-safepoint VM operation: HandshakeAllThreads (Deoptimize) done
Event: 0.206 Executing non-safepoint VM operation: HandshakeAllThreads (Deoptimize)
Event: 0.206 Executing non-safepoint VM operation: HandshakeAllThreads (Deoptimize) done
Event: 0.206 Executing non-safepoint VM operation: HandshakeAllThreads (Deoptimize)
Event: 0.206 Executing non-safepoint VM operation: HandshakeAllThreads (Deoptimize) done
Event: 0.248 Executing non-safepoint VM operation: HandshakeAllThreads (Deoptimize)
Event: 0.248 Executing non-safepoint VM operation: HandshakeAllThreads (Deoptimize) done
Event: 0.271 Executing non-safepoint VM operation: HandshakeAllThreads (Deoptimize)
Event: 0.271 Executing non-safepoint VM operation: HandshakeAllThreads (Deoptimize) done
Event: 0.327 Executing safepoint VM operation: ICBufferFull
Event: 0.327 Executing safepoint VM operation: ICBufferFull done
Event: 0.361 Executing safepoint VM operation: G1CollectForAllocation (G1 Evacuation Pause)
Event: 0.364 Executing safepoint VM operation: G1CollectForAllocation (G1 Evacuation Pause) done
Event: 0.588 Executing safepoint VM operation: ICBufferFull
Event: 0.588 Executing safepoint VM operation: ICBufferFull done

Memory protections (0 events):
No events

Nmethod flushes (0 events):
No events

Events (15 events):
Event: 0.016 Thread 0x000001ee59e01210 Thread added: 0x000001ee59e01210
Event: 0.025 Thread 0x000001ee59e01210 Thread added: 0x000001ee6d49d610
Event: 0.025 Thread 0x000001ee59e01210 Thread added: 0x000001ee6d49e330
Event: 0.026 Thread 0x000001ee59e01210 Thread added: 0x000001ee6d4a0520
Event: 0.026 Thread 0x000001ee59e01210 Thread added: 0x000001ee6d4a24a0
Event: 0.026 Thread 0x000001ee59e01210 Thread added: 0x000001ee6d4a3030
Event: 0.026 Thread 0x000001ee59e01210 Thread added: 0x000001ee6d4a70c0
Event: 0.026 Thread 0x000001ee59e01210 Thread added: 0x000001ee6d4b1b80
Event: 0.048 Thread 0x000001ee6d4b1b80 Thread added: 0x000001ee6d5986a0
Event: 0.049 Thread 0x000001ee6d4b1b80 Thread added: 0x000001ee6d598d50
Event: 0.057 Thread 0x000001ee59e01210 Thread added: 0x000001ee6d5f30d0
Event: 0.085 Thread 0x000001ee59e01210 Thread added: 0x000001ee6d8d4570
Event: 0.085 Thread 0x000001ee59e01210 Thread added: 0x000001ee6d8cfe40
Event: 0.158 Thread 0x000001ee6d4b1b80 Thread added: 0x000001ee72063080
Event: 0.211 Thread 0x000001ee59e01210 Thread added: 0x000001ee72221fb0


Dynamic libraries:
0x00007ff76b380000 - 0x00007ff76b38e000 	C:\Users\user\.jdks\ms-21.0.10\bin\java.exe
0x00007ffda6840000 - 0x00007ffda6a49000 	C:\Windows\SYSTEM32\ntdll.dll
0x00007ffda4700000 - 0x00007ffda47bd000 	C:\Windows\System32\KERNEL32.DLL
0x00007ffda4010000 - 0x00007ffda4394000 	C:\Windows\System32\KERNELBASE.dll
0x00007ffda3ca0000 - 0x00007ffda3db1000 	C:\Windows\System32\ucrtbase.dll
0x00007ffd7a740000 - 0x00007ffd7a758000 	C:\Users\user\.jdks\ms-21.0.10\bin\jli.dll
0x00007ffd72440000 - 0x00007ffd7245e000 	C:\Users\user\.jdks\ms-21.0.10\bin\VCRUNTIME140.dll
0x00007ffda5950000 - 0x00007ffda5afd000 	C:\Windows\System32\USER32.dll
0x00007ffd98550000 - 0x00007ffd987f5000 	C:\Windows\WinSxS\amd64_microsoft.windows.common-controls_6595b64144ccf1df_6.0.22000.120_none_9d947278b86cc467\COMCTL32.dll
0x00007ffda43a0000 - 0x00007ffda43c6000 	C:\Windows\System32\win32u.dll
0x00007ffda4a00000 - 0x00007ffda4aa3000 	C:\Windows\System32\msvcrt.dll
0x00007ffda4670000 - 0x00007ffda469a000 	C:\Windows\System32\GDI32.dll
0x00007ffda4540000 - 0x00007ffda465e000 	C:\Windows\System32\gdi32full.dll
0x00007ffda3f70000 - 0x00007ffda400d000 	C:\Windows\System32\msvcp_win.dll
0x00007ffda4ac0000 - 0x00007ffda4af1000 	C:\Windows\System32\IMM32.DLL
0x00007ffd895b0000 - 0x00007ffd895bc000 	C:\Users\user\.jdks\ms-21.0.10\bin\vcruntime140_1.dll
0x00007ffd6ad90000 - 0x00007ffd6ae19000 	C:\Users\user\.jdks\ms-21.0.10\bin\msvcp140.dll
0x00007ffd5d740000 - 0x00007ffd5e4ed000 	C:\Users\user\.jdks\ms-21.0.10\bin\server\jvm.dll
0x00007ffda4b00000 - 0x00007ffda4bae000 	C:\Windows\System32\ADVAPI32.dll
0x00007ffda5470000 - 0x00007ffda550e000 	C:\Windows\System32\sechost.dll
0x00007ffda5bb0000 - 0x00007ffda5cd1000 	C:\Windows\System32\RPCRT4.dll
0x00007ffda48b0000 - 0x00007ffda491f000 	C:\Windows\System32\WS2_32.dll
0x00007ffda25c0000 - 0x00007ffda260d000 	C:\Windows\SYSTEM32\POWRPROF.dll
0x00007ffd9dc40000 - 0x00007ffd9dc4a000 	C:\Windows\SYSTEM32\VERSION.dll
0x00007ffd9dc70000 - 0x00007ffd9dca3000 	C:\Windows\SYSTEM32\WINMM.dll
0x00007ffda26b0000 - 0x00007ffda26c3000 	C:\Windows\SYSTEM32\UMPDC.dll
0x00007ffda2dc0000 - 0x00007ffda2dd8000 	C:\Windows\SYSTEM32\kernel.appcore.dll
0x00007ffd845a0000 - 0x00007ffd845aa000 	C:\Users\user\.jdks\ms-21.0.10\bin\jimage.dll
0x00007ffd91f10000 - 0x00007ffd92131000 	C:\Windows\SYSTEM32\DBGHELP.DLL
0x00007ffd73f90000 - 0x00007ffd73fc1000 	C:\Windows\SYSTEM32\dbgcore.DLL
0x00007ffda3dc0000 - 0x00007ffda3e3f000 	C:\Windows\System32\bcryptPrimitives.dll
0x00007ffd996a0000 - 0x00007ffd996b0000 	C:\Users\user\.jdks\ms-21.0.10\bin\instrument.dll
0x00007ffd6e4d0000 - 0x00007ffd6e4f1000 	C:\Users\user\.jdks\ms-21.0.10\bin\java.dll
0x00007ffda4c90000 - 0x00007ffda5455000 	C:\Windows\System32\SHELL32.dll
0x00007ffda1d40000 - 0x00007ffda25a2000 	C:\Windows\SYSTEM32\windows.storage.dll
0x00007ffda5d00000 - 0x00007ffda6076000 	C:\Windows\System32\combase.dll
0x00007ffda1bd0000 - 0x00007ffda1d37000 	C:\Windows\SYSTEM32\wintypes.dll
0x00007ffda47c0000 - 0x00007ffda48aa000 	C:\Windows\System32\SHCORE.dll
0x00007ffda4920000 - 0x00007ffda497d000 	C:\Windows\System32\shlwapi.dll
0x00007ffda3bd0000 - 0x00007ffda3bf5000 	C:\Windows\SYSTEM32\profapi.dll
0x00007ffd6d420000 - 0x00007ffd6d438000 	C:\Users\user\.jdks\ms-21.0.10\bin\zip.dll
0x00007ffd6feb0000 - 0x00007ffd6fec1000 	C:\Users\user\.jdks\ms-21.0.10\bin\net.dll
0x00007ffd9db00000 - 0x00007ffd9dc14000 	C:\Windows\SYSTEM32\WINHTTP.dll
0x00007ffda3270000 - 0x00007ffda32d7000 	C:\Windows\system32\mswsock.dll
0x00007ffd6d440000 - 0x00007ffd6d456000 	C:\Users\user\.jdks\ms-21.0.10\bin\nio.dll
0x00007ffd84550000 - 0x00007ffd84559000 	C:\Users\user\.jdks\ms-21.0.10\bin\extnet.dll
0x00007ffda2910000 - 0x00007ffda29f7000 	C:\Windows\SYSTEM32\DNSAPI.dll
0x00007ffda28e0000 - 0x00007ffda290d000 	C:\Windows\SYSTEM32\IPHLPAPI.DLL
0x00007ffda5460000 - 0x00007ffda5469000 	C:\Windows\System32\NSI.dll
0x00007ffd9c7f0000 - 0x00007ffd9c7fa000 	C:\Windows\System32\rasadhlp.dll
0x00007ffd9c720000 - 0x00007ffd9c7a1000 	C:\Windows\System32\fwpuclnt.dll
0x00007ffd99690000 - 0x00007ffd9969a000 	C:\Users\user\.jdks\ms-21.0.10\bin\management.dll
0x00007ffd99630000 - 0x00007ffd9963c000 	C:\Users\user\.jdks\ms-21.0.10\bin\management_ext.dll
0x00007ffda67c0000 - 0x00007ffda67c8000 	C:\Windows\System32\PSAPI.DLL
0x00007ffda3480000 - 0x00007ffda3498000 	C:\Windows\SYSTEM32\CRYPTSP.dll
0x00007ffda2d20000 - 0x00007ffda2d55000 	C:\Windows\system32\rsaenh.dll
0x00007ffda3330000 - 0x00007ffda335c000 	C:\Windows\SYSTEM32\USERENV.dll
0x00007ffda3670000 - 0x00007ffda3697000 	C:\Windows\SYSTEM32\bcrypt.dll
0x00007ffda34a0000 - 0x00007ffda34ac000 	C:\Windows\SYSTEM32\CRYPTBASE.dll
0x00007ffd89180000 - 0x00007ffd89197000 	C:\Windows\system32\napinsp.dll
0x00007ffd83b20000 - 0x00007ffd83b3b000 	C:\Windows\system32\pnrpnsp.dll
0x00007ffd83280000 - 0x00007ffd83292000 	C:\Windows\System32\winrnr.dll
0x00007ffd8ad00000 - 0x00007ffd8ad15000 	C:\Windows\system32\wshbth.dll
0x00007ffd81d30000 - 0x00007ffd81d4f000 	C:\Windows\system32\nlansp_c.dll

JVMTI agents:
C:\Program Files\JetBrains\IntelliJ IDEA 2024.2.4\lib\idea_rt.jar path:C:\Users\user\.jdks\ms-21.0.10\bin\instrument.dll, loaded, initialized, instrumentlib options:58412

dbghelp: loaded successfully - version: 4.0.5 - missing functions: none
symbol engine: initialized successfully - sym options: 0x614 - pdb path: .;C:\Users\user\.jdks\ms-21.0.10\bin;C:\Windows\SYSTEM32;C:\Windows\WinSxS\amd64_microsoft.windows.common-controls_6595b64144ccf1df_6.0.22000.120_none_9d947278b86cc467;C:\Users\user\.jdks\ms-21.0.10\bin\server

VM Arguments:
jvm_args: -XX:TieredStopAtLevel=1 -Dspring.output.ansi.enabled=always -Dcom.sun.management.jmxremote -Dspring.jmx.enabled=true -Dspring.liveBeansView.mbeanDomain -Dspring.application.admin.enabled=true -Dmanagement.endpoints.jmx.exposure.include=* -javaagent:C:\Program Files\JetBrains\IntelliJ IDEA 2024.2.4\lib\idea_rt.jar=58412 -Dfile.encoding=UTF-8 -Dsun.stdout.encoding=UTF-8 -Dsun.stderr.encoding=UTF-8 
java_command: payment.PaymentApplication
java_class_path (initial): C:\Users\user\IdeaProjects\ITRoom\payment-service\target\classes;C:\Users\user\.m2\repository\org\springframework\boot\spring-boot-starter-kafka\4.0.3\spring-boot-starter-kafka-4.0.3.jar;C:\Users\user\.m2\repository\org\springframework\boot\spring-boot-kafka\4.0.3\spring-boot-kafka-4.0.3.jar;C:\Users\user\.m2\repository\org\springframework\boot\spring-boot\4.0.3\spring-boot-4.0.3.jar;C:\Users\user\.m2\repository\org\springframework\boot\spring-boot-transaction\4.0.3\spring-boot-transaction-4.0.3.jar;C:\Users\user\.m2\repository\org\springframework\boot\spring-boot-persistence\4.0.3\spring-boot-persistence-4.0.3.jar;C:\Users\user\.m2\repository\org\slf4j\slf4j-api\2.0.17\slf4j-api-2.0.17.jar;C:\Users\user\.m2\repository\org\springframework\spring-context\7.0.5\spring-context-7.0.5.jar;C:\Users\user\.m2\repository\org\springframework\spring-aop\7.0.5\spring-aop-7.0.5.jar;C:\Users\user\.m2\repository\org\springframework\spring-beans\7.0.5\spring-beans-7.0.5.jar;C:\Users\user\.m2\repository\org\springframework\spring-expression\7.0.5\spring-expression-7.0.5.jar;C:\Users\user\.m2\repository\com\github\luben\zstd-jni\1.5.6-10\zstd-jni-1.5.6-10.jar;C:\Users\user\.m2\repository\org\lz4\lz4-java\1.8.0\lz4-java-1.8.0.jar;C:\Users\user\.m2\repository\org\xerial\snappy\snappy-java\1.1.10.7\snappy-java-1.1.10.7.jar;C:\Users\user\.m2\repository\org\apache\logging\log4j\log4j-api\2.25.3\log4j-api-2.25.3.jar;C:\Users\user\.m2\repository\org\jspecify\jspecify\1.0.0\jspecify-1.0.0.jar;C:\Users\user\IdeaProjects\ITRoom\common-dto\target\classes;C:\Users\user\.m2\repository\org\springframework\boot\spring-boot-starter\4.0.3\spring-boot-starter-4.0.3.jar;C:\Users\user\.m2\repository\org\springframework\boot\spring-boot-starter-logging\4.0.3\spring-boot-starter-logging-4.0.3.jar;C:\Users\user\.m2\repository\ch\qos\logback\logback-classic\1.5.32\logback-classic-1.5.32.jar;C:\Users\user\.m2\repository\ch\qos\logback\logback-core\1.5.32\logback-core-1.5.32.jar;C:\Users\user\.m2\repository\org\apache\logging\log4j\log4j-to-slf4j\2.25.3\log4j-to-slf4j-2.25.3.jar;C:\Users\user\.m2\repository\org\slf4j\jul-to-slf4j\2.0.17\jul-to-slf4j-2.0.17.jar;C:\Users\user\.m2\repository\org\springframework\boot\spring-boot-autoconfigure\4.0.3\spring-boot-autoconfigure-4.0.3.jar;C:\Users\user\.m2\repository\jakarta\annotation\jakarta.annotation-api\3.0.0\jakarta.annotation-api-3.0.0.jar;C:\Users\user\.m2\repository\org\yaml\snakeyaml\2.5\snakeyaml-2.5.jar;C:\Users\user\.m2\repository\com\fasterxml\jackson\core\jackson-databind\2.20.2\jackson-databind-2.20.2.jar;C:\Users\user\.m2\repository\com\fasterxml\jackson\core\jackson-annotations\2.20\jackson-annotations-2.20.jar;C:\Users\user\.m2\repository\com\fasterxml\jackson\core\jackson-core\2.20.2\jackson-core-2.20.2.jar;C:\Users\user\.m2\repository\org\springframework\kafka\spring-kafka\4.0.3\spring-kafka-4.0.3.jar;C:\Users\user\.m2\repository\org\springframework\spring-messaging\7.0.5\spring-messaging-7.0.5.jar;C:\Users\user\.m2\repository\org\springframework\spring-tx\7.0.5\spring-tx-7.0.5.jar;C:\Users\user\.m2\repository\org\apache\kafka\kafka-clients\4.1.1\kafka-clients-4.1.1.jar;C:\Users\user\.m2\repository\io\micrometer\micrometer-observation\1.16.3\micrometer-observation-1.16.3.jar;C:\Users\user\.m2\repository\io\micrometer\micrometer-commons\1.16.3\micrometer-commons-1.16.3.jar;C:\Users\user\.m2\repository\org\projectlombok\lombok\1.18.42\lombok-1.18.42.jar;C:\Users\user\.m2\repository\org\springframework\spring-core\7.0.5\spring-core-7.0.5.jar;C:\Users\user\.m2\repository\commons-logging\commons-logging\1.3.5\commons-logging-1.3.5.jar
Launcher Type: SUN_STANDARD

[Global flags]
     intx CICompilerCount                          = 4                                         {product} {ergonomic}
     uint ConcGCThreads                            = 3                                         {product} {ergonomic}
     uint G1ConcRefinementThreads                  = 10                                        {product} {ergonomic}
   size_t G1HeapRegionSize                         = 2097152                                   {product} {ergonomic}
    uintx GCDrainStackTargetSize                   = 64                                        {product} {ergonomic}
   size_t InitialHeapSize                          = 266338304                                 {product} {ergonomic}
     bool ManagementServer                         = true                                      {product} {command line}
   size_t MarkStackSize                            = 4194304                                   {product} {ergonomic}
   size_t MaxHeapSize                              = 4255121408                                {product} {ergonomic}
   size_t MaxNewSize                               = 2552233984                                {product} {ergonomic}
   size_t MinHeapDeltaBytes                        = 2097152                                   {product} {ergonomic}
   size_t MinHeapSize                              = 8388608                                   {product} {ergonomic}
    uintx NonNMethodCodeHeapSize                   = 4096                                   {pd product} {ergonomic}
    uintx NonProfiledCodeHeapSize                  = 0                                      {pd product} {ergonomic}
     bool ProfileInterpreter                       = false                                  {pd product} {command line}
    uintx ProfiledCodeHeapSize                     = 0                                      {pd product} {ergonomic}
   size_t SoftMaxHeapSize                          = 4255121408                             {manageable} {ergonomic}
     intx TieredStopAtLevel                        = 1                                         {product} {command line}
     bool UseCompressedOops                        = true                           {product lp64_product} {ergonomic}
     bool UseG1GC                                  = true                                      {product} {ergonomic}
     bool UseLargePagesIndividualAllocation        = false                                  {pd product} {ergonomic}

Logging:
Log output configuration:
 #0: stdout all=warning uptime,level,tags foldmultilines=false
 #1: stderr all=off uptime,level,tags foldmultilines=false

Release file:
IMPLEMENTOR="Microsoft" 
IMPLEMENTOR_VERSION="Microsoft-13106404" 
JAVA_RUNTIME_VERSION="21.0.10+7-LTS" 
JAVA_VERSION="21.0.10" 
JAVA_VERSION_DATE="2026-01-20" 
LIBC="default" 
MODULES="java.base java.compiler java.datatransfer java.xml java.prefs java.desktop java.instrument java.logging java.management java.security.sasl java.naming java.rmi java.management.rmi java.net.http java.scripting java.security.jgss java.transaction.xa java.sql java.sql.rowset java.xml.crypto java.se java.smartcardio jdk.accessibility jdk.internal.jvmstat jdk.attach jdk.charsets jdk.internal.opt jdk.zipfs jdk.compiler jdk.crypto.ec jdk.crypto.cryptoki jdk.crypto.mscapi jdk.dynalink jdk.internal.ed jdk.editpad jdk.hotspot.agent jdk.httpserver jdk.incubator.vector jdk.internal.le jdk.internal.vm.ci jdk.internal.vm.compiler jdk.internal.vm.compiler.management jdk.jartool jdk.javadoc jdk.jcmd jdk.management jdk.management.agent jdk.jconsole jdk.jdeps jdk.jdwp.agent jdk.jdi jdk.jfr jdk.jlink jdk.jpackage jdk.jshell jdk.jsobject jdk.jstatd jdk.localedata jdk.management.jfr jdk.naming.dns jdk.naming.rmi jdk.net jdk.nio.mapmode jdk.random jdk.sctp jdk.security.auth jdk.security.jgss jdk.unsupported jdk.unsupported.desktop jdk.xml.dom" 
OS_ARCH="x86_64" 
OS_NAME="Windows" 
SOURCE=".:git:e69b6ef7382e" 

Environment Variables:
JAVA_HOME=C:\Program Files\Java\jdk-25
PATH=C:\Program Files\Common Files\Oracle\Java\javapath;C:\Program Files (x86)\Common Files\Oracle\Java\java8path;C:\Program Files (x86)\Common Files\Oracle\Java\javapath;C:\Program Files\Java\jdk-17\bin;C:\Program Files\Git\cmd;C:\Windows\System32\OpenSSH\;C:\Program Files\Docker\Docker\resources\bin;C:\Program Files\PowerShell\7\;C:\Program Files (x86)\ApacheMaven\apache-maven-3.9.11\bin;C:\Program Files\Java\jdk-25\bin;"C:\TestZooKeeper\apache-zookeeper-3.7.2\bin;";C:\Windows;C:\Windows\System32\Wbem;C:\Windows\System32;C:\Program Files\PowerShell\7;C:\Program Files (x86)\Common Files\Oracle\Java\java8path;C:\Program Files (x86)\Common Files\Oracle\Java\javapath;C:\Program Files\Java\jdk-17\bin;C:\Program Files\Git\cmd;C:\Windows\System32\OpenSSH\;C:\Program Files\Docker\Docker\resources\bin;C:\Program Files\Java\jdk-17\bin;C:\Program Files (x86)\ApacheMaven\apache-maven-3.9.11\bin;C:\Program Files\Erlang OTP\bin;
USERNAME=user
OS=Windows_NT
PROCESSOR_IDENTIFIER=Intel64 Family 6 Model 151 Stepping 5, GenuineIntel
TMP=C:\Users\user\AppData\Local\Temp
TEMP=C:\Users\user\AppData\Local\Temp




Periodic native trim disabled

---------------  S Y S T E M  ---------------

OS:
 Windows 11 , 64 bit Build 22000 (10.0.22000.2538)
OS uptime: 6 days 23:28 hours
Hyper-V role detected

CPU: total 12 (initial active 12) (6 cores per cpu, 2 threads per core) family 6 model 151 stepping 5 microcode 0x26, cx8, cmov, fxsr, ht, mmx, 3dnowpref, sse, sse2, sse3, ssse3, sse4.1, sse4.2, popcnt, lzcnt, tsc, tscinvbit, avx, avx2, aes, erms, clmul, bmi1, bmi2, adx, sha, fma, vzeroupper, clflush, clflushopt, clwb, hv, serialize, rdtscp, rdpid, fsrm, f16c, cet_ibt, cet_ss
Processor Information for the first 12 processors :
  Max Mhz: 2500, Current Mhz: 2500, Mhz Limit: 2500

Memory: 4k page, system-wide physical 16227M (3388M free)
TotalPageFile size 16227M (AvailPageFile size 3M)
current process WorkingSet (physical memory assigned to process): 87M, peak: 87M
current process commit charge ("private bytes"): 362M, peak: 362M

vm_info: OpenJDK 64-Bit Server VM (21.0.10+7-LTS) for windows-amd64 JRE (21.0.10+7-LTS), built on 2026-01-15T18:39:42Z by "MicrosoftCorporation" with MS VC++ 17.14 (VS2022)

END.
